// Jest Snapshot v1, https://goo.gl/fbAQLP

exports[`expect to render card component 1`] = `ShallowWrapper {}`;
