// Jest Snapshot v1, https://goo.gl/fbAQLP

exports[`cardList expect to render cardlist component 1`] = `ShallowWrapper {}`;
