// Jest Snapshot v1, https://goo.gl/fbAQLP

exports[`counterButton expect to render counterButton component 1`] = `ShallowWrapper {}`;
