// Jest Snapshot v1, https://goo.gl/fbAQLP

exports[`expect to render mainPage component 1`] = `undefined`;
